// Jest Snapshot v1, https://goo.gl/fbAQLP

exports[`ServiceCard component Snapshot matches snapshot 1`] = `
<DocumentFragment>
  <div
    class="overflow-hidden col-span-6 md:col-span-3 xl:col-span-2 w-full h-full min-h-[7rem] rounded-2xl hover:bg-gray-700/50 cursor-pointer"
    role="article"
    tabindex="0"
  >
    <div
      class="w-full h-full bg-thumbnail-yellow bg-no-repeat bg-right bg-contain"
    >
      <div
        class="relative flex justify-center items-center gap-5 w-full h-full p-6 text-start bg-gray-900/25"
      >
        <span
          class="flex items-center justify-center aspect-square rounded-full bg-lime-50 text-5xl text-lime-500"
        >
          <div
            id="mock-icon"
          >
            Icon
          </div>
        </span>
        <div
          class="w-full space-y-1"
        >
          <h3
            class="text-xl font-semibold text-white"
          >
            Logística y Servicio
          </h3>
          <p
            class="text-sm text-white"
          >
            Logística y personal de servicio.
          </p>
        </div>
        <span
          class="absolute top-3 right-3 text-2xl text-white"
        >
          <svg
            fill="currentColor"
            height="1em"
            stroke="currentColor"
            stroke-width="0"
            viewBox="0 0 256 512"
            width="1em"
            xmlns="http://www.w3.org/2000/svg"
          >
            <path
              d="M224.3 273l-136 136c-9.4 9.4-24.6 9.4-33.9 0l-22.6-22.6c-9.4-9.4-9.4-24.6 0-33.9l96.4-96.4-96.4-96.4c-9.4-9.4-9.4-24.6 0-33.9L54.3 103c9.4-9.4 24.6-9.4 33.9 0l136 136c9.5 9.4 9.5 24.6.1 34z"
            />
          </svg>
        </span>
      </div>
    </div>
  </div>
</DocumentFragment>
`;
