// Jest Snapshot v1, https://goo.gl/fbAQLP

exports[`ContactButton Component Snapshot should match the ContactButton component snapshot 1`] = `
<DocumentFragment>
  <div
    class="button-primary w-1/2 h-14 bg-gray-800 hover:bg-gray-800 animate-pulse"
  />
</DocumentFragment>
`;
