// Jest Snapshot v1, https://goo.gl/fbAQLP

exports[`Button Component Snapshot should match the Button component snapshot 1`] = `
<DocumentFragment>
  <button
    class="button-secondary "
  >
    Custom value
  </button>
</DocumentFragment>
`;
